destroying pool pool_4_destroy
pool_4_destroy created. 
destroying pool pool_4_destroy
