previous int: integer 3
previous string: string three
