test
nil is null
0.0.0.0:10 0.0.0.0:10
same
types same
ptrs same
0.0.0.0:10 0.0.0.0:10
same
